// Jest Snapshot v1, https://goo.gl/fbAQLP

exports[`Extension for API spec optimizer - OASEnhancer optimize api spec 1`] = `
{
  "info": {
    "title": "LoopBack Application",
    "version": "1.0.0",
  },
  "openapi": "3.0.0",
  "paths": {
    "/my-world": {
      "get": {
        "operationId": "findThisIsMyWorldWords",
        "responses": {
          "200": {
            "description": "Return value of ThisIsMyWorldWordController.find",
          },
        },
        "tags": [
          "ThisIsMyWorldWord",
        ],
        "x-controller-name": "ThisIsMyWorldWord",
        "x-operation-name": "find",
      },
    },
    "/ping": {
      "get": {
        "operationId": "ping",
        "responses": {
          "200": {
            "description": "Return value of PingController.ping",
          },
        },
        "tags": [
          "Ping",
        ],
        "x-controller-name": "Ping",
        "x-operation-name": "ping",
      },
    },
    "/todos": {
      "get": {
        "operationId": "findTodos",
        "responses": {
          "200": {
            "description": "Return value of TodoController.find",
          },
        },
        "tags": [
          "Todo",
        ],
        "x-controller-name": "Todo",
        "x-operation-name": "find",
      },
    },
    "/todos/count": {
      "get": {
        "operationId": "countTodos",
        "responses": {
          "200": {
            "description": "Return value of TodoController.count",
          },
        },
        "tags": [
          "Todo",
        ],
        "x-controller-name": "Todo",
        "x-operation-name": "count",
      },
    },
    "/todos/{id}": {
      "get": {
        "operationId": "findTodoById",
        "parameters": [
          {
            "in": "path",
            "name": "id",
            "required": true,
            "schema": {
              "type": "number",
            },
          },
        ],
        "responses": {
          "200": {
            "description": "Return value of TodoController.findById",
          },
        },
        "tags": [
          "Todo",
        ],
        "x-controller-name": "Todo",
        "x-operation-name": "findById",
      },
    },
  },
  "servers": [
    {
      "url": "/",
    },
  ],
}
`;
